22:55:58 **** Auto Build of configuration Debug for project intr_sd ****
make pre-build main-build 
a9-linaro-pre-build-step
' '
'Building file: ../src/main.c'
'Invoking: ARM v7 gcc compiler'
arm-none-eabi-gcc -Wall -O0 -g3 -c -fmessage-length=0 -MT"src/main.o" -mcpu=cortex-a9 -mfpu=vfpv3 -mfloat-abi=hard -I../../intr_sd_bsp/ps7_cortexa9_0/include -MMD -MP -MF"src/main.d" -MT"src/main.o" -o "src/main.o" "../src/main.c"
'Finished building: ../src/main.c'
' '
'Building target: intr_sd.elf'
'Invoking: ARM v7 gcc linker'
arm-none-eabi-gcc -mcpu=cortex-a9 -mfpu=vfpv3 -mfloat-abi=hard -Wl,-build-id=none -specs=Xilinx.spec -Wl,-T -Wl,../src/lscript.ld -L../../intr_sd_bsp/ps7_cortexa9_0/lib -o "intr_sd.elf"  ./src/main.o   -Wl,--start-group,-lxil,-lgcc,-lc,--end-group -Wl,--start-group,-lxilffs,-lxil,-lgcc,-lc,--end-group
'Finished building target: intr_sd.elf'
' '
'Invoking: ARM v7 Print Size'
arm-none-eabi-size intr_sd.elf  |tee "intr_sd.elf.size"
   text	   data	    bss	    dec	    hex	filename
  32384	   1928	  22632	  56944	   de70	intr_sd.elf
'Finished building: intr_sd.elf.size'
' '

22:56:01 Build Finished (took 3s.60ms)

