23:40:01 **** Auto Build of configuration Debug for project emioSDK ****
make pre-build main-build 
a9-linaro-pre-build-step
' '
'Building file: ../src/main.c'
'Invoking: ARM v7 gcc compiler'
arm-none-eabi-gcc -Wall -O0 -g3 -c -fmessage-length=0 -MT"src/main.o" -mcpu=cortex-a9 -mfpu=vfpv3 -mfloat-abi=hard -I../../emioSDK_bsp/ps7_cortexa9_0/include -MMD -MP -MF"src/main.d" -MT"src/main.o" -o "src/main.o" "../src/main.c"
'Finished building: ../src/main.c'
' '
'Building target: emioSDK.elf'
'Invoking: ARM v7 gcc linker'
arm-none-eabi-gcc -mcpu=cortex-a9 -mfpu=vfpv3 -mfloat-abi=hard -Wl,-build-id=none -specs=Xilinx.spec -Wl,-T -Wl,../src/lscript.ld -L../../emioSDK_bsp/ps7_cortexa9_0/lib -o "emioSDK.elf"  ./src/main.o   -Wl,--start-group,-lxil,-lgcc,-lc,--end-group
'Finished building target: emioSDK.elf'
' '
'Invoking: ARM v7 Print Size'
arm-none-eabi-size emioSDK.elf  |tee "emioSDK.elf.size"
   text	   data	    bss	    dec	    hex	filename
  39680	   2192	  22680	  64552	   fc28	emioSDK.elf
'Finished building: emioSDK.elf.size'
' '

23:40:04 Build Finished (took 2s.883ms)

