23:20:40 **** Auto Build of configuration Debug for project SD_multi_GPIO ****
make pre-build main-build 
a9-linaro-pre-build-step
' '
'Building file: ../src/main.c'
'Invoking: ARM v7 gcc compiler'
arm-none-eabi-gcc -Wall -O0 -g3 -c -fmessage-length=0 -MT"src/main.o" -mcpu=cortex-a9 -mfpu=vfpv3 -mfloat-abi=hard -I../../SD_multi_GPIO_bsp/ps7_cortexa9_0/include -MMD -MP -MF"src/main.d" -MT"src/main.o" -o "src/main.o" "../src/main.c"
'Finished building: ../src/main.c'
' '
'Building target: SD_multi_GPIO.elf'
'Invoking: ARM v7 gcc linker'
arm-none-eabi-gcc -mcpu=cortex-a9 -mfpu=vfpv3 -mfloat-abi=hard -Wl,-build-id=none -specs=Xilinx.spec -Wl,-T -Wl,../src/lscript.ld -L../../SD_multi_GPIO_bsp/ps7_cortexa9_0/lib -o "SD_multi_GPIO.elf"  ./src/main.o   -Wl,--start-group,-lxil,-lgcc,-lc,--end-group -Wl,--start-group,-lxilffs,-lxil,-lgcc,-lc,--end-group
'Finished building target: SD_multi_GPIO.elf'
' '
'Invoking: ARM v7 Print Size'
arm-none-eabi-size SD_multi_GPIO.elf  |tee "SD_multi_GPIO.elf.size"
   text	   data	    bss	    dec	    hex	filename
  45644	   2984	  22712	  71340	  116ac	SD_multi_GPIO.elf
'Finished building: SD_multi_GPIO.elf.size'
' '

23:20:43 Build Finished (took 2s.719ms)

